// Jest Snapshot v1, https://goo.gl/fbAQLP

exports[`This suit is to test SearchTextBox component should render correctly 1`] = `
<DocumentFragment>
  <div
    aria-expanded="false"
    aria-haspopup="listbox"
    aria-owns="react-autowhatever-1"
    class="react-autosuggest__container"
    data-testid="search-textbox-suggest"
    role="combobox"
  >
    <input
      aria-autocomplete="list"
      aria-controls="react-autowhatever-1"
      autocomplete="off"
      class="react-autosuggest__input react-autosuggest__input--focused"
      data-testid="search-textbox"
      type="text"
      value=""
    />
    <div
      class="react-autosuggest__suggestions-container"
      id="react-autowhatever-1"
      role="listbox"
    />
  </div>
</DocumentFragment>
`;
